// Jest Snapshot v1, https://goo.gl/fbAQLP

exports[`<CartCount> should render 1`] = `
<div>
  <span
    class="CartCount__AnimationStyles-sc-xxvp4g-1 fgBkbW"
  >
    <div>
      <div
        class="CartCount__Dot-sc-xxvp4g-0 fvA-DmT"
      >
        10
      </div>
    </div>
  </span>
</div>
`;
