// Jest Snapshot v1, https://goo.gl/fbAQLP

exports[`<CreateProduct/> should render and matches snapshot 1`] = `
<div>
  <form
    class="Form-sc-1xszr8q-0 JYcwP"
  >
    <fieldset
      aria-busy="false"
    >
      <label
        for="file"
      >
        Image
        <input
          id="image"
          name="image"
          required=""
          type="file"
          value=""
        />
      </label>
      <label
        for="name"
      >
        Name
        <input
          id="name"
          name="name"
          placeholder="name"
          required=""
          type="text"
          value=""
        />
      </label>
      <label
        for="price"
      >
        Price
        <input
          id="price"
          name="price"
          placeholder="price"
          type="number"
          value="0"
        />
      </label>
      <label
        for="description"
      >
        Description
        <textarea
          id="description"
          name="description"
          placeholder="description"
        />
      </label>
      <button
        type="submit"
      >
        + Add Product
      </button>
    </fieldset>
  </form>
</div>
`;
